// Jest Snapshot v1, https://goo.gl/fbAQLP

exports[`renders correctly 1`] = `
<RCTSafeAreaView
  emulateUnlessSupported={true}
  style={
    Object {
      "backgroundColor": "white",
      "flex": 1,
    }
  }
>
  <View
    style={
      Object {
        "alignItems": "center",
        "backgroundColor": "white",
        "flex": 1,
        "justifyContent": "center",
      }
    }
  >
    <View
      accessible={true}
      collapsable={false}
      focusable={true}
      onBlur={[Function]}
      onClick={[Function]}
      onFocus={[Function]}
      onResponderGrant={[Function]}
      onResponderMove={[Function]}
      onResponderRelease={[Function]}
      onResponderTerminate={[Function]}
      onResponderTerminationRequest={[Function]}
      onStartShouldSetResponder={[Function]}
      style={
        Array [
          Object {
            "alignItems": "center",
            "alignSelf": "center",
            "backgroundColor": "grey",
            "borderRadius": 25,
            "justifyContent": "center",
            "margin": 10,
            "padding": 15,
          },
        ]
      }
    >
      <Text
        style={
          Object {
            "fontSize": 16,
          }
        }
      >
        CALCULATOR
      </Text>
    </View>
  </View>
</RCTSafeAreaView>
`;
